<?xml version="1.0"?>
<link_info>
   <banner>TI ARM Linker PC v5.0.4</banner>
   <copyright>Copyright (c) 1996-2013 Texas Instruments Incorporated</copyright>
   <link_time>0x554957c7</link_time>
   <output_file>bike_hud.out</output_file>
   <entry_point>
      <name>_c_int00</name>
      <address>0x34e9</address>
   </entry_point>
   <input_file_list>
      <input_file id="fl-2">
         <path>.\libraries\fatfs\</path>
         <kind>object</kind>
         <file>ff.obj</file>
         <name>ff.obj</name>
      </input_file>
      <input_file id="fl-3">
         <path>.\libraries\fatfs\</path>
         <kind>object</kind>
         <file>diskio.obj</file>
         <name>diskio.obj</name>
      </input_file>
      <input_file id="fl-4">
         <path>.\</path>
         <kind>object</kind>
         <file>startup_ccs.obj</file>
         <name>startup_ccs.obj</name>
      </input_file>
      <input_file id="fl-5">
         <path>.\</path>
         <kind>object</kind>
         <file>main.obj</file>
         <name>main.obj</name>
      </input_file>
      <input_file id="fl-6">
         <path>.\</path>
         <kind>object</kind>
         <file>Terminal_utils.obj</file>
         <name>Terminal_utils.obj</name>
      </input_file>
      <input_file id="fl-7">
         <path>.\</path>
         <kind>object</kind>
         <file>Camera_driver.obj</file>
         <name>Camera_driver.obj</name>
      </input_file>
      <input_file id="fl-8">
         <path>.\</path>
         <kind>object</kind>
         <file>Camctrl_unit.obj</file>
         <name>Camctrl_unit.obj</name>
      </input_file>
      <input_file id="fl-136">
         <path>E:\Programs\TI\CCS\ccsv5\tools\compiler\arm_5.0.4\lib\</path>
         <kind>archive</kind>
         <file>rtsv7M4_T_le_v4SPD16_eabi.lib</file>
         <name>boot.obj</name>
      </input_file>
      <input_file id="fl-137">
         <path>E:\Programs\TI\CCS\ccsv5\tools\compiler\arm_5.0.4\lib\</path>
         <kind>archive</kind>
         <file>rtsv7M4_T_le_v4SPD16_eabi.lib</file>
         <name>copy_decompress_none.obj</name>
      </input_file>
      <input_file id="fl-138">
         <path>E:\Programs\TI\CCS\ccsv5\tools\compiler\arm_5.0.4\lib\</path>
         <kind>archive</kind>
         <file>rtsv7M4_T_le_v4SPD16_eabi.lib</file>
         <name>copy_decompress_rle.obj</name>
      </input_file>
      <input_file id="fl-139">
         <path>E:\Programs\TI\CCS\ccsv5\tools\compiler\arm_5.0.4\lib\</path>
         <kind>archive</kind>
         <file>rtsv7M4_T_le_v4SPD16_eabi.lib</file>
         <name>copy_zero_init.obj</name>
      </input_file>
      <input_file id="fl-13a">
         <path>E:\Programs\TI\CCS\ccsv5\tools\compiler\arm_5.0.4\lib\</path>
         <kind>archive</kind>
         <file>rtsv7M4_T_le_v4SPD16_eabi.lib</file>
         <name>exit.obj</name>
      </input_file>
      <input_file id="fl-13b">
         <path>E:\Programs\TI\CCS\ccsv5\tools\compiler\arm_5.0.4\lib\</path>
         <kind>archive</kind>
         <file>rtsv7M4_T_le_v4SPD16_eabi.lib</file>
         <name>memcpy_t2.obj</name>
      </input_file>
      <input_file id="fl-13c">
         <path>E:\Programs\TI\CCS\ccsv5\tools\compiler\arm_5.0.4\lib\</path>
         <kind>archive</kind>
         <file>rtsv7M4_T_le_v4SPD16_eabi.lib</file>
         <name>memset_t2.obj</name>
      </input_file>
      <input_file id="fl-13d">
         <path>E:\Programs\TI\CCS\ccsv5\tools\compiler\arm_5.0.4\lib\</path>
         <kind>archive</kind>
         <file>rtsv7M4_T_le_v4SPD16_eabi.lib</file>
         <name>stkdepth_vars.obj</name>
      </input_file>
      <input_file id="fl-13e">
         <path>E:\Programs\TI\CCS\ccsv5\tools\compiler\arm_5.0.4\lib\</path>
         <kind>archive</kind>
         <file>rtsv7M4_T_le_v4SPD16_eabi.lib</file>
         <name>_lock.obj</name>
      </input_file>
      <input_file id="fl-13f">
         <path>E:\Programs\TI\CCS\ccsv5\tools\compiler\arm_5.0.4\lib\</path>
         <kind>archive</kind>
         <file>rtsv7M4_T_le_v4SPD16_eabi.lib</file>
         <name>args_main.obj</name>
      </input_file>
      <input_file id="fl-140">
         <path>E:\Programs\TI\CCS\ccsv5\tools\compiler\arm_5.0.4\lib\</path>
         <kind>archive</kind>
         <file>rtsv7M4_T_le_v4SPD16_eabi.lib</file>
         <name>auto_init.obj</name>
      </input_file>
      <input_file id="fl-141">
         <path>E:\Programs\TI\CCS\ccsv5\tools\compiler\arm_5.0.4\lib\</path>
         <kind>archive</kind>
         <file>rtsv7M4_T_le_v4SPD16_eabi.lib</file>
         <name>cpy_tbl.obj</name>
      </input_file>
      <input_file id="fl-142">
         <path>E:\Programs\TI\TivaWareCv2\driverlib\ccs\Debug\</path>
         <kind>archive</kind>
         <file>driverlib.lib</file>
         <name>sysctl.obj</name>
      </input_file>
      <input_file id="fl-143">
         <path>E:\Programs\TI\TivaWareCv2\driverlib\ccs\Debug\</path>
         <kind>archive</kind>
         <file>driverlib.lib</file>
         <name>interrupt.obj</name>
      </input_file>
      <input_file id="fl-144">
         <path>E:\Programs\TI\TivaWareCv2\driverlib\ccs\Debug\</path>
         <kind>archive</kind>
         <file>driverlib.lib</file>
         <name>cpu.obj</name>
      </input_file>
   </input_file_list>
   <object_component_list>
      <object_component id="oc-e">
         <name>.intvecs</name>
         <load_address>0x0</load_address>
         <run_address>0x0</run_address>
         <size>0x200</size>
         <input_file_ref idref="fl-4"/>
      </object_component>
      <object_component id="oc-e1">
         <name>.text</name>
         <load_address>0x200</load_address>
         <run_address>0x200</run_address>
         <size>0x1cac</size>
         <input_file_ref idref="fl-2"/>
      </object_component>
      <object_component id="oc-11f">
         <name>.text</name>
         <load_address>0x1eac</load_address>
         <run_address>0x1eac</run_address>
         <size>0x8f0</size>
         <input_file_ref idref="fl-3"/>
      </object_component>
      <object_component id="oc-e6">
         <name>.text</name>
         <load_address>0x279c</load_address>
         <run_address>0x279c</run_address>
         <size>0x4b0</size>
         <input_file_ref idref="fl-7"/>
      </object_component>
      <object_component id="oc-98">
         <name>.text:SysCtlClockFreqSet</name>
         <load_address>0x2c4c</load_address>
         <run_address>0x2c4c</run_address>
         <size>0x1fc</size>
         <input_file_ref idref="fl-142"/>
      </object_component>
      <object_component id="oc-a2">
         <name>.text</name>
         <load_address>0x2e48</load_address>
         <run_address>0x2e48</run_address>
         <size>0x1e8</size>
         <input_file_ref idref="fl-8"/>
      </object_component>
      <object_component id="oc-9d">
         <name>.text</name>
         <load_address>0x3030</load_address>
         <run_address>0x3030</run_address>
         <size>0x1a8</size>
         <input_file_ref idref="fl-6"/>
      </object_component>
      <object_component id="oc-60">
         <name>.text</name>
         <load_address>0x31d8</load_address>
         <run_address>0x31d8</run_address>
         <size>0xbc</size>
         <input_file_ref idref="fl-5"/>
      </object_component>
      <object_component id="oc-38">
         <name>.text</name>
         <load_address>0x3294</load_address>
         <run_address>0x3294</run_address>
         <size>0x9c</size>
         <input_file_ref idref="fl-13b"/>
      </object_component>
      <object_component id="oc-29">
         <name>.text</name>
         <load_address>0x3330</load_address>
         <run_address>0x3330</run_address>
         <size>0x94</size>
         <input_file_ref idref="fl-140"/>
      </object_component>
      <object_component id="oc-132">
         <name>.text</name>
         <load_address>0x33c4</load_address>
         <run_address>0x33c4</run_address>
         <size>0x78</size>
         <input_file_ref idref="fl-13c"/>
      </object_component>
      <object_component id="oc-48">
         <name>.text</name>
         <load_address>0x343c</load_address>
         <run_address>0x343c</run_address>
         <size>0x5e</size>
         <input_file_ref idref="fl-138"/>
      </object_component>
      <object_component id="oc-c4">
         <name>.text:_SysCtlFrequencyGet</name>
         <load_address>0x349c</load_address>
         <run_address>0x349c</run_address>
         <size>0x4c</size>
         <input_file_ref idref="fl-142"/>
      </object_component>
      <object_component id="oc-10">
         <name>.text</name>
         <load_address>0x34e8</load_address>
         <run_address>0x34e8</run_address>
         <size>0x48</size>
         <input_file_ref idref="fl-136"/>
      </object_component>
      <object_component id="oc-5b">
         <name>.text</name>
         <load_address>0x3530</load_address>
         <run_address>0x3530</run_address>
         <size>0x44</size>
         <input_file_ref idref="fl-141"/>
      </object_component>
      <object_component id="oc-31">
         <name>.text</name>
         <load_address>0x3574</load_address>
         <run_address>0x3574</run_address>
         <size>0x40</size>
         <input_file_ref idref="fl-13a"/>
      </object_component>
      <object_component id="oc-bf">
         <name>.text:_SysCtlMemTimingGet</name>
         <load_address>0x35b4</load_address>
         <run_address>0x35b4</run_address>
         <size>0x1c</size>
         <input_file_ref idref="fl-142"/>
      </object_component>
      <object_component id="oc-2d">
         <name>.text</name>
         <load_address>0x35d0</load_address>
         <run_address>0x35d0</run_address>
         <size>0x18</size>
         <input_file_ref idref="fl-13f"/>
      </object_component>
      <object_component id="oc-aa">
         <name>.text</name>
         <load_address>0x35e8</load_address>
         <run_address>0x35e8</run_address>
         <size>0x14</size>
         <input_file_ref idref="fl-13e"/>
      </object_component>
      <object_component id="oc-18">
         <name>.text:decompress:ZI</name>
         <load_address>0x35fc</load_address>
         <run_address>0x35fc</run_address>
         <size>0x12</size>
         <input_file_ref idref="fl-139"/>
      </object_component>
      <object_component id="oc-14">
         <name>.text:decompress:none</name>
         <load_address>0x360e</load_address>
         <run_address>0x360e</run_address>
         <size>0xe</size>
         <input_file_ref idref="fl-137"/>
      </object_component>
      <object_component id="oc-21">
         <name>.text</name>
         <load_address>0x361c</load_address>
         <run_address>0x361c</run_address>
         <size>0xc</size>
         <input_file_ref idref="fl-4"/>
      </object_component>
      <object_component id="oc-1c">
         <name>.text:decompress:rle24</name>
         <load_address>0x3628</load_address>
         <run_address>0x3628</run_address>
         <size>0x6</size>
         <input_file_ref idref="fl-138"/>
      </object_component>
      <object_component id="oc-c9">
         <name>.const:g_pppui32XTALtoVCO</name>
         <load_address>0x3630</load_address>
         <run_address>0x3630</run_address>
         <size>0x120</size>
         <input_file_ref idref="fl-142"/>
      </object_component>
      <object_component id="oc-cd">
         <name>.const:g_pui32Xtals</name>
         <load_address>0x3750</load_address>
         <run_address>0x3750</run_address>
         <size>0x6c</size>
         <input_file_ref idref="fl-142"/>
      </object_component>
      <object_component id="oc-108">
         <name>.const:g_sXTALtoMEMTIM</name>
         <load_address>0x37bc</load_address>
         <run_address>0x37bc</run_address>
         <size>0x38</size>
         <input_file_ref idref="fl-142"/>
      </object_component>
      <object_component id="oc-13a">
         <name>.const:.string</name>
         <load_address>0x37f4</load_address>
         <run_address>0x37f4</run_address>
         <size>0x17</size>
         <input_file_ref idref="fl-7"/>
      </object_component>
      <object_component id="oc-cb">
         <name>.const</name>
         <load_address>0x380c</load_address>
         <run_address>0x380c</run_address>
         <size>0x8</size>
         <input_file_ref idref="fl-142"/>
      </object_component>
      <object_component id="oc-186">
         <name>.cinit..data.load</name>
         <load_address>0x3818</load_address>
         <run_address>0x3818</run_address>
         <size>0x27</size>
      </object_component>
      <object_component id="oc-184">
         <name>__TI_handler_table</name>
         <load_address>0x3840</load_address>
         <run_address>0x3840</run_address>
         <size>0xc</size>
      </object_component>
      <object_component id="oc-187">
         <name>.cinit..bss.load</name>
         <load_address>0x3850</load_address>
         <run_address>0x3850</run_address>
         <size>0x8</size>
      </object_component>
      <object_component id="oc-185">
         <name>__TI_cinit_table</name>
         <load_address>0x3858</load_address>
         <run_address>0x3858</run_address>
         <size>0x10</size>
      </object_component>
      <object_component id="oc-35">
         <name>.data</name>
         <load_address>0x20000f14</load_address>
         <run_address>0x20000f14</run_address>
         <size>0x4</size>
         <input_file_ref idref="fl-13d"/>
      </object_component>
      <object_component id="oc-6b">
         <name>.data</name>
         <load_address>0x20000f04</load_address>
         <run_address>0x20000f04</run_address>
         <size>0x8</size>
         <input_file_ref idref="fl-13e"/>
      </object_component>
      <object_component id="oc-6d">
         <name>.data</name>
         <load_address>0x20000f0c</load_address>
         <run_address>0x20000f0c</run_address>
         <size>0x8</size>
         <input_file_ref idref="fl-13a"/>
      </object_component>
      <object_component id="oc-eb">
         <name>.data</name>
         <load_address>0x20000eec</load_address>
         <run_address>0x20000eec</run_address>
         <size>0x15</size>
         <input_file_ref idref="fl-8"/>
      </object_component>
      <object_component id="oc-151">
         <name>.data</name>
         <load_address>0x20000f18</load_address>
         <run_address>0x20000f18</run_address>
         <size>0x2</size>
         <input_file_ref idref="fl-3"/>
      </object_component>
      <object_component id="oc-a7">
         <name>.bss</name>
         <uninitialized>true</uninitialized>
         <run_address>0x20000ee8</run_address>
         <size>0x4</size>
         <input_file_ref idref="fl-5"/>
      </object_component>
      <object_component id="oc-db">
         <name>.bss</name>
         <uninitialized>true</uninitialized>
         <run_address>0x20000ee4</run_address>
         <size>0x4</size>
         <input_file_ref idref="fl-6"/>
      </object_component>
      <object_component id="oc-dd">
         <name>.bss:g_TerminalBuffer</name>
         <uninitialized>true</uninitialized>
         <run_address>0x20000e80</run_address>
         <size>0x34</size>
         <input_file_ref idref="fl-6"/>
      </object_component>
      <object_component id="oc-ed">
         <name>.bss</name>
         <uninitialized>true</uninitialized>
         <run_address>0x20000ee2</run_address>
         <size>0x1</size>
         <input_file_ref idref="fl-8"/>
      </object_component>
      <object_component id="oc-ef">
         <name>.bss:fil</name>
         <uninitialized>true</uninitialized>
         <run_address>0x20000eb4</run_address>
         <size>0x24</size>
         <input_file_ref idref="fl-8"/>
      </object_component>
      <object_component id="oc-f1">
         <name>.bss:sdc_buffer</name>
         <uninitialized>true</uninitialized>
         <run_address>0x20000800</run_address>
         <size>0x400</size>
         <input_file_ref idref="fl-8"/>
      </object_component>
      <object_component id="oc-f3">
         <name>.bss:fs</name>
         <uninitialized>true</uninitialized>
         <run_address>0x20000c00</run_address>
         <size>0x230</size>
         <input_file_ref idref="fl-8"/>
      </object_component>
      <object_component id="oc-124">
         <name>.bss</name>
         <uninitialized>true</uninitialized>
         <run_address>0x20000ed8</run_address>
         <size>0x6</size>
         <input_file_ref idref="fl-2"/>
      </object_component>
      <object_component id="oc-136">
         <name>.bss</name>
         <uninitialized>true</uninitialized>
         <run_address>0x20000ede</run_address>
         <size>0x4</size>
         <input_file_ref idref="fl-7"/>
      </object_component>
      <object_component id="oc-138">
         <name>.bss:camera_buffer</name>
         <uninitialized>true</uninitialized>
         <run_address>0x20000e30</run_address>
         <size>0x50</size>
         <input_file_ref idref="fl-7"/>
      </object_component>
      <object_component id="oc-153">
         <name>.bss</name>
         <uninitialized>true</uninitialized>
         <run_address>0x20000ee3</run_address>
         <size>0x1</size>
         <input_file_ref idref="fl-3"/>
      </object_component>
      <object_component id="oc-20">
         <name>.stack</name>
         <uninitialized>true</uninitialized>
         <run_address>0x20000000</run_address>
         <size>0x0</size>
         <input_file_ref idref="fl-136"/>
      </object_component>
      <object_component id="oc-188">
         <name>.stack</name>
         <uninitialized>true</uninitialized>
         <run_address>0x20000000</run_address>
         <size>0x0</size>
      </object_component>
      <object_component id="oc-f">
         <name>.debug_info</name>
         <load_address>0x0</load_address>
         <run_address>0x0</run_address>
         <size>0xca</size>
         <input_file_ref idref="fl-4"/>
      </object_component>
      <object_component id="oc-11">
         <name>.debug_info</name>
         <load_address>0xca</load_address>
         <run_address>0xca</run_address>
         <size>0xf4</size>
         <input_file_ref idref="fl-136"/>
      </object_component>
      <object_component id="oc-15">
         <name>.debug_info</name>
         <load_address>0x1be</load_address>
         <run_address>0x1be</run_address>
         <size>0x159</size>
         <input_file_ref idref="fl-137"/>
      </object_component>
      <object_component id="oc-19">
         <name>.debug_info</name>
         <load_address>0x317</load_address>
         <run_address>0x317</run_address>
         <size>0x193</size>
         <input_file_ref idref="fl-139"/>
      </object_component>
      <object_component id="oc-1d">
         <name>.debug_info</name>
         <load_address>0x4aa</load_address>
         <run_address>0x4aa</run_address>
         <size>0x16a</size>
         <input_file_ref idref="fl-138"/>
      </object_component>
      <object_component id="oc-22">
         <name>.debug_info</name>
         <load_address>0x614</load_address>
         <run_address>0x614</run_address>
         <size>0x31e</size>
         <input_file_ref idref="fl-4"/>
      </object_component>
      <object_component id="oc-28">
         <name>.debug_info</name>
         <load_address>0x932</load_address>
         <run_address>0x932</run_address>
         <size>0xdf</size>
         <input_file_ref idref="fl-4"/>
      </object_component>
      <object_component id="oc-2a">
         <name>.debug_info</name>
         <load_address>0xa11</load_address>
         <run_address>0xa11</run_address>
         <size>0x13f</size>
         <input_file_ref idref="fl-140"/>
      </object_component>
      <object_component id="oc-2e">
         <name>.debug_info</name>
         <load_address>0xb50</load_address>
         <run_address>0xb50</run_address>
         <size>0xfe</size>
         <input_file_ref idref="fl-13f"/>
      </object_component>
      <object_component id="oc-32">
         <name>.debug_info</name>
         <load_address>0xc4e</load_address>
         <run_address>0xc4e</run_address>
         <size>0x205</size>
         <input_file_ref idref="fl-13a"/>
      </object_component>
      <object_component id="oc-36">
         <name>.debug_info</name>
         <load_address>0xe53</load_address>
         <run_address>0xe53</run_address>
         <size>0xbe</size>
         <input_file_ref idref="fl-13d"/>
      </object_component>
      <object_component id="oc-39">
         <name>.debug_info</name>
         <load_address>0xf11</load_address>
         <run_address>0xf11</run_address>
         <size>0xcd</size>
         <input_file_ref idref="fl-13b"/>
      </object_component>
      <object_component id="oc-3d">
         <name>.debug_info</name>
         <load_address>0xfde</load_address>
         <run_address>0xfde</run_address>
         <size>0x46</size>
         <input_file_ref idref="fl-137"/>
      </object_component>
      <object_component id="oc-43">
         <name>.debug_info</name>
         <load_address>0x1024</load_address>
         <run_address>0x1024</run_address>
         <size>0x46</size>
         <input_file_ref idref="fl-139"/>
      </object_component>
      <object_component id="oc-49">
         <name>.debug_info</name>
         <load_address>0x106a</load_address>
         <run_address>0x106a</run_address>
         <size>0x318</size>
         <input_file_ref idref="fl-138"/>
      </object_component>
      <object_component id="oc-4d">
         <name>.debug_info</name>
         <load_address>0x1382</load_address>
         <run_address>0x1382</run_address>
         <size>0xb2</size>
         <input_file_ref idref="fl-138"/>
      </object_component>
      <object_component id="oc-4e">
         <name>.debug_info</name>
         <load_address>0x1434</load_address>
         <run_address>0x1434</run_address>
         <size>0x39</size>
         <input_file_ref idref="fl-138"/>
      </object_component>
      <object_component id="oc-56">
         <name>.debug_info</name>
         <load_address>0x146d</load_address>
         <run_address>0x146d</run_address>
         <size>0x18b</size>
         <input_file_ref idref="fl-3"/>
      </object_component>
      <object_component id="oc-5c">
         <name>.debug_info</name>
         <load_address>0x15f8</load_address>
         <run_address>0x15f8</run_address>
         <size>0x191</size>
         <input_file_ref idref="fl-141"/>
      </object_component>
      <object_component id="oc-61">
         <name>.debug_info</name>
         <load_address>0x1789</load_address>
         <run_address>0x1789</run_address>
         <size>0x192</size>
         <input_file_ref idref="fl-5"/>
      </object_component>
      <object_component id="oc-66">
         <name>.debug_info</name>
         <load_address>0x191b</load_address>
         <run_address>0x191b</run_address>
         <size>0x90</size>
         <input_file_ref idref="fl-13f"/>
      </object_component>
      <object_component id="oc-6c">
         <name>.debug_info</name>
         <load_address>0x19ab</load_address>
         <run_address>0x19ab</run_address>
         <size>0xc8</size>
         <input_file_ref idref="fl-13e"/>
      </object_component>
      <object_component id="oc-6e">
         <name>.debug_info</name>
         <load_address>0x1a73</load_address>
         <run_address>0x1a73</run_address>
         <size>0xdb</size>
         <input_file_ref idref="fl-13a"/>
      </object_component>
      <object_component id="oc-70">
         <name>.debug_info</name>
         <load_address>0x1b4e</load_address>
         <run_address>0x1b4e</run_address>
         <size>0x89</size>
         <input_file_ref idref="fl-137"/>
      </object_component>
      <object_component id="oc-77">
         <name>.debug_info</name>
         <load_address>0x1bd7</load_address>
         <run_address>0x1bd7</run_address>
         <size>0x83</size>
         <input_file_ref idref="fl-13d"/>
      </object_component>
      <object_component id="oc-7d">
         <name>.debug_info</name>
         <load_address>0x1c5a</load_address>
         <run_address>0x1c5a</run_address>
         <size>0x46</size>
         <input_file_ref idref="fl-137"/>
      </object_component>
      <object_component id="oc-82">
         <name>.debug_info</name>
         <load_address>0x1ca0</load_address>
         <run_address>0x1ca0</run_address>
         <size>0xe8</size>
         <input_file_ref idref="fl-137"/>
      </object_component>
      <object_component id="oc-83">
         <name>.debug_info</name>
         <load_address>0x1d88</load_address>
         <run_address>0x1d88</run_address>
         <size>0x2c</size>
         <input_file_ref idref="fl-138"/>
      </object_component>
      <object_component id="oc-88">
         <name>.debug_info</name>
         <load_address>0x1db4</load_address>
         <run_address>0x1db4</run_address>
         <size>0xa8</size>
         <input_file_ref idref="fl-139"/>
      </object_component>
      <object_component id="oc-8a">
         <name>.debug_info</name>
         <load_address>0x1e5c</load_address>
         <run_address>0x1e5c</run_address>
         <size>0x84</size>
         <input_file_ref idref="fl-138"/>
      </object_component>
      <object_component id="oc-91">
         <name>.debug_info</name>
         <load_address>0x1ee0</load_address>
         <run_address>0x1ee0</run_address>
         <size>0x90</size>
         <input_file_ref idref="fl-2"/>
      </object_component>
      <object_component id="oc-97">
         <name>.debug_info</name>
         <load_address>0x1f70</load_address>
         <run_address>0x1f70</run_address>
         <size>0x143</size>
         <input_file_ref idref="fl-141"/>
      </object_component>
      <object_component id="oc-99">
         <name>.debug_info</name>
         <load_address>0x20b3</load_address>
         <run_address>0x20b3</run_address>
         <size>0x4a7</size>
         <input_file_ref idref="fl-142"/>
      </object_component>
      <object_component id="oc-9e">
         <name>.debug_info</name>
         <load_address>0x255a</load_address>
         <run_address>0x255a</run_address>
         <size>0x735</size>
         <input_file_ref idref="fl-6"/>
      </object_component>
      <object_component id="oc-a3">
         <name>.debug_info</name>
         <load_address>0x2c8f</load_address>
         <run_address>0x2c8f</run_address>
         <size>0x695</size>
         <input_file_ref idref="fl-8"/>
      </object_component>
      <object_component id="oc-a8">
         <name>.debug_info</name>
         <load_address>0x3324</load_address>
         <run_address>0x3324</run_address>
         <size>0xc7</size>
         <input_file_ref idref="fl-5"/>
      </object_component>
      <object_component id="oc-ab">
         <name>.debug_info</name>
         <load_address>0x33eb</load_address>
         <run_address>0x33eb</run_address>
         <size>0x1ba</size>
         <input_file_ref idref="fl-13e"/>
      </object_component>
      <object_component id="oc-b0">
         <name>.debug_info</name>
         <load_address>0x35a5</load_address>
         <run_address>0x35a5</run_address>
         <size>0xd4</size>
         <input_file_ref idref="fl-13e"/>
      </object_component>
      <object_component id="oc-b3">
         <name>.debug_info</name>
         <load_address>0x3679</load_address>
         <run_address>0x3679</run_address>
         <size>0x131</size>
         <input_file_ref idref="fl-13a"/>
      </object_component>
      <object_component id="oc-ba">
         <name>.debug_info</name>
         <load_address>0x37aa</load_address>
         <run_address>0x37aa</run_address>
         <size>0xcd</size>
         <input_file_ref idref="fl-141"/>
      </object_component>
      <object_component id="oc-c0">
         <name>.debug_info</name>
         <load_address>0x3877</load_address>
         <run_address>0x3877</run_address>
         <size>0x247</size>
         <input_file_ref idref="fl-142"/>
      </object_component>
      <object_component id="oc-c5">
         <name>.debug_info</name>
         <load_address>0x3abe</load_address>
         <run_address>0x3abe</run_address>
         <size>0x202</size>
         <input_file_ref idref="fl-142"/>
      </object_component>
      <object_component id="oc-ca">
         <name>.debug_info</name>
         <load_address>0x3cc0</load_address>
         <run_address>0x3cc0</run_address>
         <size>0xfd</size>
         <input_file_ref idref="fl-142"/>
      </object_component>
      <object_component id="oc-cc">
         <name>.debug_info</name>
         <load_address>0x3dbd</load_address>
         <run_address>0x3dbd</run_address>
         <size>0x104</size>
         <input_file_ref idref="fl-142"/>
      </object_component>
      <object_component id="oc-ce">
         <name>.debug_info</name>
         <load_address>0x3ec1</load_address>
         <run_address>0x3ec1</run_address>
         <size>0xf1</size>
         <input_file_ref idref="fl-142"/>
      </object_component>
      <object_component id="oc-d0">
         <name>.debug_info</name>
         <load_address>0x3fb2</load_address>
         <run_address>0x3fb2</run_address>
         <size>0x18b</size>
         <input_file_ref idref="fl-142"/>
      </object_component>
      <object_component id="oc-d5">
         <name>.debug_info</name>
         <load_address>0x413d</load_address>
         <run_address>0x413d</run_address>
         <size>0x90</size>
         <input_file_ref idref="fl-142"/>
      </object_component>
      <object_component id="oc-da">
         <name>.debug_info</name>
         <load_address>0x41cd</load_address>
         <run_address>0x41cd</run_address>
         <size>0x218</size>
         <input_file_ref idref="fl-142"/>
      </object_component>
      <object_component id="oc-dc">
         <name>.debug_info</name>
         <load_address>0x43e5</load_address>
         <run_address>0x43e5</run_address>
         <size>0xe1</size>
         <input_file_ref idref="fl-6"/>
      </object_component>
      <object_component id="oc-de">
         <name>.debug_info</name>
         <load_address>0x44c6</load_address>
         <run_address>0x44c6</run_address>
         <size>0xd5</size>
         <input_file_ref idref="fl-6"/>
      </object_component>
      <object_component id="oc-e0">
         <name>.debug_info</name>
         <load_address>0x459b</load_address>
         <run_address>0x459b</run_address>
         <size>0xf1</size>
         <input_file_ref idref="fl-6"/>
      </object_component>
      <object_component id="oc-e2">
         <name>.debug_info</name>
         <load_address>0x468c</load_address>
         <run_address>0x468c</run_address>
         <size>0x2cf0</size>
         <input_file_ref idref="fl-2"/>
      </object_component>
      <object_component id="oc-e7">
         <name>.debug_info</name>
         <load_address>0x737c</load_address>
         <run_address>0x737c</run_address>
         <size>0xee6</size>
         <input_file_ref idref="fl-7"/>
      </object_component>
      <object_component id="oc-ec">
         <name>.debug_info</name>
         <load_address>0x8262</load_address>
         <run_address>0x8262</run_address>
         <size>0xe6</size>
         <input_file_ref idref="fl-8"/>
      </object_component>
      <object_component id="oc-ee">
         <name>.debug_info</name>
         <load_address>0x8348</load_address>
         <run_address>0x8348</run_address>
         <size>0xb6</size>
         <input_file_ref idref="fl-8"/>
      </object_component>
      <object_component id="oc-f0">
         <name>.debug_info</name>
         <load_address>0x83fe</load_address>
         <run_address>0x83fe</run_address>
         <size>0xb8</size>
         <input_file_ref idref="fl-8"/>
      </object_component>
      <object_component id="oc-f2">
         <name>.debug_info</name>
         <load_address>0x84b6</load_address>
         <run_address>0x84b6</run_address>
         <size>0xc6</size>
         <input_file_ref idref="fl-8"/>
      </object_component>
      <object_component id="oc-f4">
         <name>.debug_info</name>
         <load_address>0x857c</load_address>
         <run_address>0x857c</run_address>
         <size>0xb6</size>
         <input_file_ref idref="fl-8"/>
      </object_component>
      <object_component id="oc-f6">
         <name>.debug_info</name>
         <load_address>0x8632</load_address>
         <run_address>0x8632</run_address>
         <size>0x2c</size>
         <input_file_ref idref="fl-3"/>
      </object_component>
      <object_component id="oc-fb">
         <name>.debug_info</name>
         <load_address>0x865e</load_address>
         <run_address>0x865e</run_address>
         <size>0xb0</size>
         <input_file_ref idref="fl-2"/>
      </object_component>
      <object_component id="oc-100">
         <name>.debug_info</name>
         <load_address>0x870e</load_address>
         <run_address>0x870e</run_address>
         <size>0x324</size>
         <input_file_ref idref="fl-8"/>
      </object_component>
      <object_component id="oc-109">
         <name>.debug_info</name>
         <load_address>0x8a32</load_address>
         <run_address>0x8a32</run_address>
         <size>0xf7</size>
         <input_file_ref idref="fl-142"/>
      </object_component>
      <object_component id="oc-114">
         <name>.debug_info</name>
         <load_address>0x8b29</load_address>
         <run_address>0x8b29</run_address>
         <size>0x5f</size>
         <input_file_ref idref="fl-142"/>
      </object_component>
      <object_component id="oc-120">
         <name>.debug_info</name>
         <load_address>0x8b88</load_address>
         <run_address>0x8b88</run_address>
         <size>0x19c7</size>
         <input_file_ref idref="fl-3"/>
      </object_component>
      <object_component id="oc-125">
         <name>.debug_info</name>
         <load_address>0xa54f</load_address>
         <run_address>0xa54f</run_address>
         <size>0xdc</size>
         <input_file_ref idref="fl-2"/>
      </object_component>
      <object_component id="oc-127">
         <name>.debug_info</name>
         <load_address>0xa62b</load_address>
         <run_address>0xa62b</run_address>
         <size>0x250</size>
         <input_file_ref idref="fl-2"/>
      </object_component>
      <object_component id="oc-128">
         <name>.debug_info</name>
         <load_address>0xa87b</load_address>
         <run_address>0xa87b</run_address>
         <size>0x49c</size>
         <input_file_ref idref="fl-2"/>
      </object_component>
      <object_component id="oc-12d">
         <name>.debug_info</name>
         <load_address>0xad17</load_address>
         <run_address>0xad17</run_address>
         <size>0x70</size>
         <input_file_ref idref="fl-2"/>
      </object_component>
      <object_component id="oc-133">
         <name>.debug_info</name>
         <load_address>0xad87</load_address>
         <run_address>0xad87</run_address>
         <size>0xfe</size>
         <input_file_ref idref="fl-13c"/>
      </object_component>
      <object_component id="oc-137">
         <name>.debug_info</name>
         <load_address>0xae85</load_address>
         <run_address>0xae85</run_address>
         <size>0xe5</size>
         <input_file_ref idref="fl-7"/>
      </object_component>
      <object_component id="oc-139">
         <name>.debug_info</name>
         <load_address>0xaf6a</load_address>
         <run_address>0xaf6a</run_address>
         <size>0xcd</size>
         <input_file_ref idref="fl-7"/>
      </object_component>
      <object_component id="oc-13b">
         <name>.debug_info</name>
         <load_address>0xb037</load_address>
         <run_address>0xb037</run_address>
         <size>0x11b</size>
         <input_file_ref idref="fl-7"/>
      </object_component>
      <object_component id="oc-13d">
         <name>.debug_info</name>
         <load_address>0xb152</load_address>
         <run_address>0xb152</run_address>
         <size>0x161</size>
         <input_file_ref idref="fl-7"/>
      </object_component>
      <object_component id="oc-142">
         <name>.debug_info</name>
         <load_address>0xb2b3</load_address>
         <run_address>0xb2b3</run_address>
         <size>0x49c</size>
         <input_file_ref idref="fl-8"/>
      </object_component>
      <object_component id="oc-152">
         <name>.debug_info</name>
         <load_address>0xb74f</load_address>
         <run_address>0xb74f</run_address>
         <size>0xe6</size>
         <input_file_ref idref="fl-3"/>
      </object_component>
      <object_component id="oc-154">
         <name>.debug_info</name>
         <load_address>0xb835</load_address>
         <run_address>0xb835</run_address>
         <size>0xcc</size>
         <input_file_ref idref="fl-3"/>
      </object_component>
      <object_component id="oc-156">
         <name>.debug_info</name>
         <load_address>0xb901</load_address>
         <run_address>0xb901</run_address>
         <size>0x10c</size>
         <input_file_ref idref="fl-3"/>
      </object_component>
      <object_component id="oc-189">
         <name>.debug_info</name>
         <load_address>0xba0d</load_address>
         <run_address>0xba0d</run_address>
         <size>0x91</size>
      </object_component>
      <object_component id="oc-12">
         <name>.debug_line</name>
         <load_address>0x0</load_address>
         <run_address>0x0</run_address>
         <size>0x4f</size>
         <input_file_ref idref="fl-136"/>
      </object_component>
      <object_component id="oc-16">
         <name>.debug_line</name>
         <load_address>0x4f</load_address>
         <run_address>0x4f</run_address>
         <size>0x4d</size>
         <input_file_ref idref="fl-137"/>
      </object_component>
      <object_component id="oc-1a">
         <name>.debug_line</name>
         <load_address>0x9c</load_address>
         <run_address>0x9c</run_address>
         <size>0x4c</size>
         <input_file_ref idref="fl-139"/>
      </object_component>
      <object_component id="oc-1e">
         <name>.debug_line</name>
         <load_address>0xe8</load_address>
         <run_address>0xe8</run_address>
         <size>0x4c</size>
         <input_file_ref idref="fl-138"/>
      </object_component>
      <object_component id="oc-23">
         <name>.debug_line</name>
         <load_address>0x134</load_address>
         <run_address>0x134</run_address>
         <size>0x94</size>
         <input_file_ref idref="fl-4"/>
      </object_component>
      <object_component id="oc-27">
         <name>.debug_line</name>
         <load_address>0x1c8</load_address>
         <run_address>0x1c8</run_address>
         <size>0x34</size>
         <input_file_ref idref="fl-4"/>
      </object_component>
      <object_component id="oc-2b">
         <name>.debug_line</name>
         <load_address>0x1fc</load_address>
         <run_address>0x1fc</run_address>
         <size>0x87</size>
         <input_file_ref idref="fl-140"/>
      </object_component>
      <object_component id="oc-2f">
         <name>.debug_line</name>
         <load_address>0x283</load_address>
         <run_address>0x283</run_address>
         <size>0x42</size>
         <input_file_ref idref="fl-13f"/>
      </object_component>
      <object_component id="oc-33">
         <name>.debug_line</name>
         <load_address>0x2c5</load_address>
         <run_address>0x2c5</run_address>
         <size>0x71</size>
         <input_file_ref idref="fl-13a"/>
      </object_component>
      <object_component id="oc-3a">
         <name>.debug_line</name>
         <load_address>0x336</load_address>
         <run_address>0x336</run_address>
         <size>0x88</size>
         <input_file_ref idref="fl-13b"/>
      </object_component>
      <object_component id="oc-3f">
         <name>.debug_line</name>
         <load_address>0x3be</load_address>
         <run_address>0x3be</run_address>
         <size>0x3a</size>
         <input_file_ref idref="fl-137"/>
      </object_component>
      <object_component id="oc-45">
         <name>.debug_line</name>
         <load_address>0x3f8</load_address>
         <run_address>0x3f8</run_address>
         <size>0x34</size>
         <input_file_ref idref="fl-139"/>
      </object_component>
      <object_component id="oc-4a">
         <name>.debug_line</name>
         <load_address>0x42c</load_address>
         <run_address>0x42c</run_address>
         <size>0x58</size>
         <input_file_ref idref="fl-138"/>
      </object_component>
      <object_component id="oc-50">
         <name>.debug_line</name>
         <load_address>0x484</load_address>
         <run_address>0x484</run_address>
         <size>0x39</size>
         <input_file_ref idref="fl-138"/>
      </object_component>
      <object_component id="oc-55">
         <name>.debug_line</name>
         <load_address>0x4bd</load_address>
         <run_address>0x4bd</run_address>
         <size>0x34</size>
         <input_file_ref idref="fl-4"/>
      </object_component>
      <object_component id="oc-58">
         <name>.debug_line</name>
         <load_address>0x4f1</load_address>
         <run_address>0x4f1</run_address>
         <size>0x66</size>
         <input_file_ref idref="fl-3"/>
      </object_component>
      <object_component id="oc-5d">
         <name>.debug_line</name>
         <load_address>0x557</load_address>
         <run_address>0x557</run_address>
         <size>0x43</size>
         <input_file_ref idref="fl-141"/>
      </object_component>
      <object_component id="oc-62">
         <name>.debug_line</name>
         <load_address>0x59a</load_address>
         <run_address>0x59a</run_address>
         <size>0x54</size>
         <input_file_ref idref="fl-5"/>
      </object_component>
      <object_component id="oc-68">
         <name>.debug_line</name>
         <load_address>0x5ee</load_address>
         <run_address>0x5ee</run_address>
         <size>0x20</size>
         <input_file_ref idref="fl-13f"/>
      </object_component>
      <object_component id="oc-72">
         <name>.debug_line</name>
         <load_address>0x60e</load_address>
         <run_address>0x60e</run_address>
         <size>0x20</size>
         <input_file_ref idref="fl-137"/>
      </object_component>
      <object_component id="oc-76">
         <name>.debug_line</name>
         <load_address>0x62e</load_address>
         <run_address>0x62e</run_address>
         <size>0x33</size>
         <input_file_ref idref="fl-13d"/>
      </object_component>
      <object_component id="oc-79">
         <name>.debug_line</name>
         <load_address>0x661</load_address>
         <run_address>0x661</run_address>
         <size>0x20</size>
         <input_file_ref idref="fl-13d"/>
      </object_component>
      <object_component id="oc-7f">
         <name>.debug_line</name>
         <load_address>0x681</load_address>
         <run_address>0x681</run_address>
         <size>0x44</size>
         <input_file_ref idref="fl-137"/>
      </object_component>
      <object_component id="oc-85">
         <name>.debug_line</name>
         <load_address>0x6c5</load_address>
         <run_address>0x6c5</run_address>
         <size>0x44</size>
         <input_file_ref idref="fl-138"/>
      </object_component>
      <object_component id="oc-8c">
         <name>.debug_line</name>
         <load_address>0x709</load_address>
         <run_address>0x709</run_address>
         <size>0x20</size>
         <input_file_ref idref="fl-138"/>
      </object_component>
      <object_component id="oc-90">
         <name>.debug_line</name>
         <load_address>0x729</load_address>
         <run_address>0x729</run_address>
         <size>0x20</size>
         <input_file_ref idref="fl-138"/>
      </object_component>
      <object_component id="oc-93">
         <name>.debug_line</name>
         <load_address>0x749</load_address>
         <run_address>0x749</run_address>
         <size>0x20</size>
         <input_file_ref idref="fl-2"/>
      </object_component>
      <object_component id="oc-9a">
         <name>.debug_line</name>
         <load_address>0x769</load_address>
         <run_address>0x769</run_address>
         <size>0x14e</size>
         <input_file_ref idref="fl-142"/>
      </object_component>
      <object_component id="oc-9f">
         <name>.debug_line</name>
         <load_address>0x8b7</load_address>
         <run_address>0x8b7</run_address>
         <size>0x108</size>
         <input_file_ref idref="fl-6"/>
      </object_component>
      <object_component id="oc-a4">
         <name>.debug_line</name>
         <load_address>0x9bf</load_address>
         <run_address>0x9bf</run_address>
         <size>0x12c</size>
         <input_file_ref idref="fl-8"/>
      </object_component>
      <object_component id="oc-ac">
         <name>.debug_line</name>
         <load_address>0xaeb</load_address>
         <run_address>0xaeb</run_address>
         <size>0x60</size>
         <input_file_ref idref="fl-13e"/>
      </object_component>
      <object_component id="oc-af">
         <name>.debug_line</name>
         <load_address>0xb4b</load_address>
         <run_address>0xb4b</run_address>
         <size>0x2b</size>
         <input_file_ref idref="fl-13e"/>
      </object_component>
      <object_component id="oc-b2">
         <name>.debug_line</name>
         <load_address>0xb76</load_address>
         <run_address>0xb76</run_address>
         <size>0x2a</size>
         <input_file_ref idref="fl-13a"/>
      </object_component>
      <object_component id="oc-b5">
         <name>.debug_line</name>
         <load_address>0xba0</load_address>
         <run_address>0xba0</run_address>
         <size>0x20</size>
         <input_file_ref idref="fl-137"/>
      </object_component>
      <object_component id="oc-b7">
         <name>.debug_line</name>
         <load_address>0xbc0</load_address>
         <run_address>0xbc0</run_address>
         <size>0x20</size>
         <input_file_ref idref="fl-139"/>
      </object_component>
      <object_component id="oc-b9">
         <name>.debug_line</name>
         <load_address>0xbe0</load_address>
         <run_address>0xbe0</run_address>
         <size>0x51</size>
         <input_file_ref idref="fl-141"/>
      </object_component>
      <object_component id="oc-bc">
         <name>.debug_line</name>
         <load_address>0xc31</load_address>
         <run_address>0xc31</run_address>
         <size>0x45</size>
         <input_file_ref idref="fl-141"/>
      </object_component>
      <object_component id="oc-c1">
         <name>.debug_line</name>
         <load_address>0xc76</load_address>
         <run_address>0xc76</run_address>
         <size>0x71</size>
         <input_file_ref idref="fl-142"/>
      </object_component>
      <object_component id="oc-c6">
         <name>.debug_line</name>
         <load_address>0xce7</load_address>
         <run_address>0xce7</run_address>
         <size>0x76</size>
         <input_file_ref idref="fl-142"/>
      </object_component>
      <object_component id="oc-d2">
         <name>.debug_line</name>
         <load_address>0xd5d</load_address>
         <run_address>0xd5d</run_address>
         <size>0x66</size>
         <input_file_ref idref="fl-142"/>
      </object_component>
      <object_component id="oc-d7">
         <name>.debug_line</name>
         <load_address>0xdc3</load_address>
         <run_address>0xdc3</run_address>
         <size>0x20</size>
         <input_file_ref idref="fl-142"/>
      </object_component>
      <object_component id="oc-e3">
         <name>.debug_line</name>
         <load_address>0xde3</load_address>
         <run_address>0xde3</run_address>
         <size>0xe37</size>
         <input_file_ref idref="fl-2"/>
      </object_component>
      <object_component id="oc-e8">
         <name>.debug_line</name>
         <load_address>0x1c1a</load_address>
         <run_address>0x1c1a</run_address>
         <size>0x277</size>
         <input_file_ref idref="fl-7"/>
      </object_component>
      <object_component id="oc-f8">
         <name>.debug_line</name>
         <load_address>0x1e91</load_address>
         <run_address>0x1e91</run_address>
         <size>0x67</size>
         <input_file_ref idref="fl-3"/>
      </object_component>
      <object_component id="oc-fd">
         <name>.debug_line</name>
         <load_address>0x1ef8</load_address>
         <run_address>0x1ef8</run_address>
         <size>0x40</size>
         <input_file_ref idref="fl-2"/>
      </object_component>
      <object_component id="oc-102">
         <name>.debug_line</name>
         <load_address>0x1f38</load_address>
         <run_address>0x1f38</run_address>
         <size>0x2d</size>
         <input_file_ref idref="fl-5"/>
      </object_component>
      <object_component id="oc-105">
         <name>.debug_line</name>
         <load_address>0x1f65</load_address>
         <run_address>0x1f65</run_address>
         <size>0x20</size>
         <input_file_ref idref="fl-13e"/>
      </object_component>
      <object_component id="oc-107">
         <name>.debug_line</name>
         <load_address>0x1f85</load_address>
         <run_address>0x1f85</run_address>
         <size>0x43</size>
         <input_file_ref idref="fl-13a"/>
      </object_component>
      <object_component id="oc-10d">
         <name>.debug_line</name>
         <load_address>0x1fc8</load_address>
         <run_address>0x1fc8</run_address>
         <size>0x51</size>
         <input_file_ref idref="fl-142"/>
      </object_component>
      <object_component id="oc-10f">
         <name>.debug_line</name>
         <load_address>0x2019</load_address>
         <run_address>0x2019</run_address>
         <size>0x51</size>
         <input_file_ref idref="fl-142"/>
      </object_component>
      <object_component id="oc-111">
         <name>.debug_line</name>
         <load_address>0x206a</load_address>
         <run_address>0x206a</run_address>
         <size>0x51</size>
         <input_file_ref idref="fl-142"/>
      </object_component>
      <object_component id="oc-113">
         <name>.debug_line</name>
         <load_address>0x20bb</load_address>
         <run_address>0x20bb</run_address>
         <size>0xb3</size>
         <input_file_ref idref="fl-142"/>
      </object_component>
      <object_component id="oc-116">
         <name>.debug_line</name>
         <load_address>0x216e</load_address>
         <run_address>0x216e</run_address>
         <size>0x51</size>
         <input_file_ref idref="fl-142"/>
      </object_component>
      <object_component id="oc-11a">
         <name>.debug_line</name>
         <load_address>0x21bf</load_address>
         <run_address>0x21bf</run_address>
         <size>0x37</size>
         <input_file_ref idref="fl-6"/>
      </object_component>
      <object_component id="oc-11c">
         <name>.debug_line</name>
         <load_address>0x21f6</load_address>
         <run_address>0x21f6</run_address>
         <size>0x37</size>
         <input_file_ref idref="fl-6"/>
      </object_component>
      <object_component id="oc-11e">
         <name>.debug_line</name>
         <load_address>0x222d</load_address>
         <run_address>0x222d</run_address>
         <size>0x37</size>
         <input_file_ref idref="fl-6"/>
      </object_component>
      <object_component id="oc-121">
         <name>.debug_line</name>
         <load_address>0x2264</load_address>
         <run_address>0x2264</run_address>
         <size>0x514</size>
         <input_file_ref idref="fl-3"/>
      </object_component>
      <object_component id="oc-12a">
         <name>.debug_line</name>
         <load_address>0x2778</load_address>
         <run_address>0x2778</run_address>
         <size>0x3b</size>
         <input_file_ref idref="fl-2"/>
      </object_component>
      <object_component id="oc-12f">
         <name>.debug_line</name>
         <load_address>0x27b3</load_address>
         <run_address>0x27b3</run_address>
         <size>0x3f</size>
         <input_file_ref idref="fl-2"/>
      </object_component>
      <object_component id="oc-134">
         <name>.debug_line</name>
         <load_address>0x27f2</load_address>
         <run_address>0x27f2</run_address>
         <size>0x79</size>
         <input_file_ref idref="fl-13c"/>
      </object_component>
      <object_component id="oc-13f">
         <name>.debug_line</name>
         <load_address>0x286b</load_address>
         <run_address>0x286b</run_address>
         <size>0x35</size>
         <input_file_ref idref="fl-8"/>
      </object_component>
      <object_component id="oc-141">
         <name>.debug_line</name>
         <load_address>0x28a0</load_address>
         <run_address>0x28a0</run_address>
         <size>0x35</size>
         <input_file_ref idref="fl-8"/>
      </object_component>
      <object_component id="oc-144">
         <name>.debug_line</name>
         <load_address>0x28d5</load_address>
         <run_address>0x28d5</run_address>
         <size>0x3b</size>
         <input_file_ref idref="fl-8"/>
      </object_component>
      <object_component id="oc-148">
         <name>.debug_line</name>
         <load_address>0x2910</load_address>
         <run_address>0x2910</run_address>
         <size>0x35</size>
         <input_file_ref idref="fl-8"/>
      </object_component>
      <object_component id="oc-14a">
         <name>.debug_line</name>
         <load_address>0x2945</load_address>
         <run_address>0x2945</run_address>
         <size>0x35</size>
         <input_file_ref idref="fl-8"/>
      </object_component>
      <object_component id="oc-14c">
         <name>.debug_line</name>
         <load_address>0x297a</load_address>
         <run_address>0x297a</run_address>
         <size>0x35</size>
         <input_file_ref idref="fl-8"/>
      </object_component>
      <object_component id="oc-14e">
         <name>.debug_line</name>
         <load_address>0x29af</load_address>
         <run_address>0x29af</run_address>
         <size>0x7a</size>
         <input_file_ref idref="fl-8"/>
      </object_component>
      <object_component id="oc-150">
         <name>.debug_line</name>
         <load_address>0x2a29</load_address>
         <run_address>0x2a29</run_address>
         <size>0x51</size>
         <input_file_ref idref="fl-142"/>
      </object_component>
      <object_component id="oc-158">
         <name>.debug_line</name>
         <load_address>0x2a7a</load_address>
         <run_address>0x2a7a</run_address>
         <size>0x3b</size>
         <input_file_ref idref="fl-2"/>
      </object_component>
      <object_component id="oc-15a">
         <name>.debug_line</name>
         <load_address>0x2ab5</load_address>
         <run_address>0x2ab5</run_address>
         <size>0x3f</size>
         <input_file_ref idref="fl-2"/>
      </object_component>
      <object_component id="oc-15d">
         <name>.debug_line</name>
         <load_address>0x2af4</load_address>
         <run_address>0x2af4</run_address>
         <size>0x36</size>
         <input_file_ref idref="fl-7"/>
      </object_component>
      <object_component id="oc-15f">
         <name>.debug_line</name>
         <load_address>0x2b2a</load_address>
         <run_address>0x2b2a</run_address>
         <size>0x36</size>
         <input_file_ref idref="fl-7"/>
      </object_component>
      <object_component id="oc-161">
         <name>.debug_line</name>
         <load_address>0x2b60</load_address>
         <run_address>0x2b60</run_address>
         <size>0x36</size>
         <input_file_ref idref="fl-7"/>
      </object_component>
      <object_component id="oc-163">
         <name>.debug_line</name>
         <load_address>0x2b96</load_address>
         <run_address>0x2b96</run_address>
         <size>0x36</size>
         <input_file_ref idref="fl-7"/>
      </object_component>
      <object_component id="oc-165">
         <name>.debug_line</name>
         <load_address>0x2bcc</load_address>
         <run_address>0x2bcc</run_address>
         <size>0x3f</size>
         <input_file_ref idref="fl-3"/>
      </object_component>
      <object_component id="oc-167">
         <name>.debug_line</name>
         <load_address>0x2c0b</load_address>
         <run_address>0x2c0b</run_address>
         <size>0x3f</size>
         <input_file_ref idref="fl-3"/>
      </object_component>
      <object_component id="oc-169">
         <name>.debug_line</name>
         <load_address>0x2c4a</load_address>
         <run_address>0x2c4a</run_address>
         <size>0x3f</size>
         <input_file_ref idref="fl-3"/>
      </object_component>
      <object_component id="oc-13">
         <name>.debug_aranges</name>
         <load_address>0x0</load_address>
         <run_address>0x0</run_address>
         <size>0x20</size>
         <input_file_ref idref="fl-136"/>
      </object_component>
      <object_component id="oc-17">
         <name>.debug_aranges</name>
         <load_address>0x20</load_address>
         <run_address>0x20</run_address>
         <size>0x20</size>
         <input_file_ref idref="fl-137"/>
      </object_component>
      <object_component id="oc-1b">
         <name>.debug_aranges</name>
         <load_address>0x40</load_address>
         <run_address>0x40</run_address>
         <size>0x20</size>
         <input_file_ref idref="fl-139"/>
      </object_component>
      <object_component id="oc-1f">
         <name>.debug_aranges</name>
         <load_address>0x60</load_address>
         <run_address>0x60</run_address>
         <size>0x20</size>
         <input_file_ref idref="fl-138"/>
      </object_component>
      <object_component id="oc-25">
         <name>.debug_aranges</name>
         <load_address>0x80</load_address>
         <run_address>0x80</run_address>
         <size>0x38</size>
         <input_file_ref idref="fl-4"/>
      </object_component>
      <object_component id="oc-2c">
         <name>.debug_aranges</name>
         <load_address>0xb8</load_address>
         <run_address>0xb8</run_address>
         <size>0x28</size>
         <input_file_ref idref="fl-140"/>
      </object_component>
      <object_component id="oc-30">
         <name>.debug_aranges</name>
         <load_address>0xe0</load_address>
         <run_address>0xe0</run_address>
         <size>0x20</size>
         <input_file_ref idref="fl-13f"/>
      </object_component>
      <object_component id="oc-34">
         <name>.debug_aranges</name>
         <load_address>0x100</load_address>
         <run_address>0x100</run_address>
         <size>0x30</size>
         <input_file_ref idref="fl-13a"/>
      </object_component>
      <object_component id="oc-3b">
         <name>.debug_aranges</name>
         <load_address>0x130</load_address>
         <run_address>0x130</run_address>
         <size>0x20</size>
         <input_file_ref idref="fl-13b"/>
      </object_component>
      <object_component id="oc-4b">
         <name>.debug_aranges</name>
         <load_address>0x150</load_address>
         <run_address>0x150</run_address>
         <size>0x20</size>
         <input_file_ref idref="fl-138"/>
      </object_component>
      <object_component id="oc-5e">
         <name>.debug_aranges</name>
         <load_address>0x170</load_address>
         <run_address>0x170</run_address>
         <size>0x20</size>
         <input_file_ref idref="fl-141"/>
      </object_component>
      <object_component id="oc-64">
         <name>.debug_aranges</name>
         <load_address>0x190</load_address>
         <run_address>0x190</run_address>
         <size>0x20</size>
         <input_file_ref idref="fl-5"/>
      </object_component>
      <object_component id="oc-9c">
         <name>.debug_aranges</name>
         <load_address>0x1b0</load_address>
         <run_address>0x1b0</run_address>
         <size>0x20</size>
         <input_file_ref idref="fl-142"/>
      </object_component>
      <object_component id="oc-a1">
         <name>.debug_aranges</name>
         <load_address>0x1d0</load_address>
         <run_address>0x1d0</run_address>
         <size>0x40</size>
         <input_file_ref idref="fl-6"/>
      </object_component>
      <object_component id="oc-a6">
         <name>.debug_aranges</name>
         <load_address>0x210</load_address>
         <run_address>0x210</run_address>
         <size>0x38</size>
         <input_file_ref idref="fl-8"/>
      </object_component>
      <object_component id="oc-ad">
         <name>.debug_aranges</name>
         <load_address>0x248</load_address>
         <run_address>0x248</run_address>
         <size>0x30</size>
         <input_file_ref idref="fl-13e"/>
      </object_component>
      <object_component id="oc-c3">
         <name>.debug_aranges</name>
         <load_address>0x278</load_address>
         <run_address>0x278</run_address>
         <size>0x20</size>
         <input_file_ref idref="fl-142"/>
      </object_component>
      <object_component id="oc-c8">
         <name>.debug_aranges</name>
         <load_address>0x298</load_address>
         <run_address>0x298</run_address>
         <size>0x20</size>
         <input_file_ref idref="fl-142"/>
      </object_component>
      <object_component id="oc-e5">
         <name>.debug_aranges</name>
         <load_address>0x2b8</load_address>
         <run_address>0x2b8</run_address>
         <size>0x110</size>
         <input_file_ref idref="fl-2"/>
      </object_component>
      <object_component id="oc-ea">
         <name>.debug_aranges</name>
         <load_address>0x3c8</load_address>
         <run_address>0x3c8</run_address>
         <size>0x88</size>
         <input_file_ref idref="fl-7"/>
      </object_component>
      <object_component id="oc-123">
         <name>.debug_aranges</name>
         <load_address>0x450</load_address>
         <run_address>0x450</run_address>
         <size>0xb8</size>
         <input_file_ref idref="fl-3"/>
      </object_component>
      <object_component id="oc-135">
         <name>.debug_aranges</name>
         <load_address>0x508</load_address>
         <run_address>0x508</run_address>
         <size>0x28</size>
         <input_file_ref idref="fl-13c"/>
      </object_component>
      <object_component id="oc-24">
         <name>.debug_frame</name>
         <load_address>0x0</load_address>
         <run_address>0x0</run_address>
         <size>0xb2</size>
         <input_file_ref idref="fl-4"/>
      </object_component>
      <object_component id="oc-63">
         <name>.debug_frame</name>
         <load_address>0xb2</load_address>
         <run_address>0xb2</run_address>
         <size>0x87</size>
         <input_file_ref idref="fl-5"/>
      </object_component>
      <object_component id="oc-9b">
         <name>.debug_frame</name>
         <load_address>0x139</load_address>
         <run_address>0x139</run_address>
         <size>0x94</size>
         <input_file_ref idref="fl-142"/>
      </object_component>
      <object_component id="oc-a0">
         <name>.debug_frame</name>
         <load_address>0x1cd</load_address>
         <run_address>0x1cd</run_address>
         <size>0xf6</size>
         <input_file_ref idref="fl-6"/>
      </object_component>
      <object_component id="oc-a5">
         <name>.debug_frame</name>
         <load_address>0x2c3</load_address>
         <run_address>0x2c3</run_address>
         <size>0xda</size>
         <input_file_ref idref="fl-8"/>
      </object_component>
      <object_component id="oc-c2">
         <name>.debug_frame</name>
         <load_address>0x39d</load_address>
         <run_address>0x39d</run_address>
         <size>0x7f</size>
         <input_file_ref idref="fl-142"/>
      </object_component>
      <object_component id="oc-c7">
         <name>.debug_frame</name>
         <load_address>0x41c</load_address>
         <run_address>0x41c</run_address>
         <size>0x8b</size>
         <input_file_ref idref="fl-142"/>
      </object_component>
      <object_component id="oc-e4">
         <name>.debug_frame</name>
         <load_address>0x4a7</load_address>
         <run_address>0x4a7</run_address>
         <size>0x3c4</size>
         <input_file_ref idref="fl-2"/>
      </object_component>
      <object_component id="oc-e9">
         <name>.debug_frame</name>
         <load_address>0x86b</load_address>
         <run_address>0x86b</run_address>
         <size>0x1eb</size>
         <input_file_ref idref="fl-7"/>
      </object_component>
      <object_component id="oc-122">
         <name>.debug_frame</name>
         <load_address>0xa56</load_address>
         <run_address>0xa56</run_address>
         <size>0x283</size>
         <input_file_ref idref="fl-3"/>
      </object_component>
      <object_component id="oc-26">
         <name>.debug_abbrev</name>
         <load_address>0x0</load_address>
         <run_address>0x0</run_address>
         <size>0x29</size>
         <input_file_ref idref="fl-4"/>
      </object_component>
      <object_component id="oc-37">
         <name>.debug_abbrev</name>
         <load_address>0x29</load_address>
         <run_address>0x29</run_address>
         <size>0x40</size>
         <input_file_ref idref="fl-136"/>
      </object_component>
      <object_component id="oc-3c">
         <name>.debug_abbrev</name>
         <load_address>0x69</load_address>
         <run_address>0x69</run_address>
         <size>0x6b</size>
         <input_file_ref idref="fl-137"/>
      </object_component>
      <object_component id="oc-3e">
         <name>.debug_abbrev</name>
         <load_address>0xd4</load_address>
         <run_address>0xd4</run_address>
         <size>0x24</size>
         <input_file_ref idref="fl-137"/>
      </object_component>
      <object_component id="oc-42">
         <name>.debug_abbrev</name>
         <load_address>0xf8</load_address>
         <run_address>0xf8</run_address>
         <size>0x85</size>
         <input_file_ref idref="fl-139"/>
      </object_component>
      <object_component id="oc-44">
         <name>.debug_abbrev</name>
         <load_address>0x17d</load_address>
         <run_address>0x17d</run_address>
         <size>0x24</size>
         <input_file_ref idref="fl-139"/>
      </object_component>
      <object_component id="oc-4c">
         <name>.debug_abbrev</name>
         <load_address>0x1a1</load_address>
         <run_address>0x1a1</run_address>
         <size>0x6b</size>
         <input_file_ref idref="fl-138"/>
      </object_component>
      <object_component id="oc-4f">
         <name>.debug_abbrev</name>
         <load_address>0x20c</load_address>
         <run_address>0x20c</run_address>
         <size>0x24</size>
         <input_file_ref idref="fl-138"/>
      </object_component>
      <object_component id="oc-53">
         <name>.debug_abbrev</name>
         <load_address>0x230</load_address>
         <run_address>0x230</run_address>
         <size>0xd9</size>
         <input_file_ref idref="fl-4"/>
      </object_component>
      <object_component id="oc-54">
         <name>.debug_abbrev</name>
         <load_address>0x309</load_address>
         <run_address>0x309</run_address>
         <size>0x54</size>
         <input_file_ref idref="fl-4"/>
      </object_component>
      <object_component id="oc-57">
         <name>.debug_abbrev</name>
         <load_address>0x35d</load_address>
         <run_address>0x35d</run_address>
         <size>0x35</size>
         <input_file_ref idref="fl-3"/>
      </object_component>
      <object_component id="oc-5f">
         <name>.debug_abbrev</name>
         <load_address>0x392</load_address>
         <run_address>0x392</run_address>
         <size>0x86</size>
         <input_file_ref idref="fl-140"/>
      </object_component>
      <object_component id="oc-65">
         <name>.debug_abbrev</name>
         <load_address>0x418</load_address>
         <run_address>0x418</run_address>
         <size>0x5f</size>
         <input_file_ref idref="fl-13f"/>
      </object_component>
      <object_component id="oc-67">
         <name>.debug_abbrev</name>
         <load_address>0x477</load_address>
         <run_address>0x477</run_address>
         <size>0x23</size>
         <input_file_ref idref="fl-13f"/>
      </object_component>
      <object_component id="oc-6f">
         <name>.debug_abbrev</name>
         <load_address>0x49a</load_address>
         <run_address>0x49a</run_address>
         <size>0xd5</size>
         <input_file_ref idref="fl-13a"/>
      </object_component>
      <object_component id="oc-71">
         <name>.debug_abbrev</name>
         <load_address>0x56f</load_address>
         <run_address>0x56f</run_address>
         <size>0x23</size>
         <input_file_ref idref="fl-137"/>
      </object_component>
      <object_component id="oc-75">
         <name>.debug_abbrev</name>
         <load_address>0x592</load_address>
         <run_address>0x592</run_address>
         <size>0x27</size>
         <input_file_ref idref="fl-13d"/>
      </object_component>
      <object_component id="oc-78">
         <name>.debug_abbrev</name>
         <load_address>0x5b9</load_address>
         <run_address>0x5b9</run_address>
         <size>0x1a</size>
         <input_file_ref idref="fl-13d"/>
      </object_component>
      <object_component id="oc-7c">
         <name>.debug_abbrev</name>
         <load_address>0x5d3</load_address>
         <run_address>0x5d3</run_address>
         <size>0x40</size>
         <input_file_ref idref="fl-13b"/>
      </object_component>
      <object_component id="oc-7e">
         <name>.debug_abbrev</name>
         <load_address>0x613</load_address>
         <run_address>0x613</run_address>
         <size>0x24</size>
         <input_file_ref idref="fl-137"/>
      </object_component>
      <object_component id="oc-84">
         <name>.debug_abbrev</name>
         <load_address>0x637</load_address>
         <run_address>0x637</run_address>
         <size>0x24</size>
         <input_file_ref idref="fl-138"/>
      </object_component>
      <object_component id="oc-89">
         <name>.debug_abbrev</name>
         <load_address>0x65b</load_address>
         <run_address>0x65b</run_address>
         <size>0x83</size>
         <input_file_ref idref="fl-138"/>
      </object_component>
      <object_component id="oc-8b">
         <name>.debug_abbrev</name>
         <load_address>0x6de</load_address>
         <run_address>0x6de</run_address>
         <size>0x1c</size>
         <input_file_ref idref="fl-138"/>
      </object_component>
      <object_component id="oc-8f">
         <name>.debug_abbrev</name>
         <load_address>0x6fa</load_address>
         <run_address>0x6fa</run_address>
         <size>0x2c</size>
         <input_file_ref idref="fl-138"/>
      </object_component>
      <object_component id="oc-92">
         <name>.debug_abbrev</name>
         <load_address>0x726</load_address>
         <run_address>0x726</run_address>
         <size>0x23</size>
         <input_file_ref idref="fl-2"/>
      </object_component>
      <object_component id="oc-96">
         <name>.debug_abbrev</name>
         <load_address>0x749</load_address>
         <run_address>0x749</run_address>
         <size>0xa2</size>
         <input_file_ref idref="fl-141"/>
      </object_component>
      <object_component id="oc-a9">
         <name>.debug_abbrev</name>
         <load_address>0x7eb</load_address>
         <run_address>0x7eb</run_address>
         <size>0x5e</size>
         <input_file_ref idref="fl-5"/>
      </object_component>
      <object_component id="oc-ae">
         <name>.debug_abbrev</name>
         <load_address>0x849</load_address>
         <run_address>0x849</run_address>
         <size>0x29</size>
         <input_file_ref idref="fl-13e"/>
      </object_component>
      <object_component id="oc-b1">
         <name>.debug_abbrev</name>
         <load_address>0x872</load_address>
         <run_address>0x872</run_address>
         <size>0x29</size>
         <input_file_ref idref="fl-13a"/>
      </object_component>
      <object_component id="oc-b4">
         <name>.debug_abbrev</name>
         <load_address>0x89b</load_address>
         <run_address>0x89b</run_address>
         <size>0x4c</size>
         <input_file_ref idref="fl-137"/>
      </object_component>
      <object_component id="oc-b6">
         <name>.debug_abbrev</name>
         <load_address>0x8e7</load_address>
         <run_address>0x8e7</run_address>
         <size>0x2c</size>
         <input_file_ref idref="fl-139"/>
      </object_component>
      <object_component id="oc-b8">
         <name>.debug_abbrev</name>
         <load_address>0x913</load_address>
         <run_address>0x913</run_address>
         <size>0x85</size>
         <input_file_ref idref="fl-141"/>
      </object_component>
      <object_component id="oc-bb">
         <name>.debug_abbrev</name>
         <load_address>0x998</load_address>
         <run_address>0x998</run_address>
         <size>0x4b</size>
         <input_file_ref idref="fl-141"/>
      </object_component>
      <object_component id="oc-cf">
         <name>.debug_abbrev</name>
         <load_address>0x9e3</load_address>
         <run_address>0x9e3</run_address>
         <size>0x9b</size>
         <input_file_ref idref="fl-142"/>
      </object_component>
      <object_component id="oc-d1">
         <name>.debug_abbrev</name>
         <load_address>0xa7e</load_address>
         <run_address>0xa7e</run_address>
         <size>0x35</size>
         <input_file_ref idref="fl-142"/>
      </object_component>
      <object_component id="oc-d6">
         <name>.debug_abbrev</name>
         <load_address>0xab3</load_address>
         <run_address>0xab3</run_address>
         <size>0x23</size>
         <input_file_ref idref="fl-142"/>
      </object_component>
      <object_component id="oc-df">
         <name>.debug_abbrev</name>
         <load_address>0xad6</load_address>
         <run_address>0xad6</run_address>
         <size>0xd7</size>
         <input_file_ref idref="fl-6"/>
      </object_component>
      <object_component id="oc-f5">
         <name>.debug_abbrev</name>
         <load_address>0xbad</load_address>
         <run_address>0xbad</run_address>
         <size>0x9b</size>
         <input_file_ref idref="fl-8"/>
      </object_component>
      <object_component id="oc-f7">
         <name>.debug_abbrev</name>
         <load_address>0xc48</load_address>
         <run_address>0xc48</run_address>
         <size>0x24</size>
         <input_file_ref idref="fl-3"/>
      </object_component>
      <object_component id="oc-fc">
         <name>.debug_abbrev</name>
         <load_address>0xc6c</load_address>
         <run_address>0xc6c</run_address>
         <size>0x53</size>
         <input_file_ref idref="fl-2"/>
      </object_component>
      <object_component id="oc-101">
         <name>.debug_abbrev</name>
         <load_address>0xcbf</load_address>
         <run_address>0xcbf</run_address>
         <size>0x29</size>
         <input_file_ref idref="fl-5"/>
      </object_component>
      <object_component id="oc-103">
         <name>.debug_abbrev</name>
         <load_address>0xce8</load_address>
         <run_address>0xce8</run_address>
         <size>0x66</size>
         <input_file_ref idref="fl-13e"/>
      </object_component>
      <object_component id="oc-104">
         <name>.debug_abbrev</name>
         <load_address>0xd4e</load_address>
         <run_address>0xd4e</run_address>
         <size>0x3e</size>
         <input_file_ref idref="fl-13e"/>
      </object_component>
      <object_component id="oc-106">
         <name>.debug_abbrev</name>
         <load_address>0xd8c</load_address>
         <run_address>0xd8c</run_address>
         <size>0x64</size>
         <input_file_ref idref="fl-13a"/>
      </object_component>
      <object_component id="oc-10a">
         <name>.debug_abbrev</name>
         <load_address>0xdf0</load_address>
         <run_address>0xdf0</run_address>
         <size>0x8b</size>
         <input_file_ref idref="fl-142"/>
      </object_component>
      <object_component id="oc-10b">
         <name>.debug_abbrev</name>
         <load_address>0xe7b</load_address>
         <run_address>0xe7b</run_address>
         <size>0x6c</size>
         <input_file_ref idref="fl-142"/>
      </object_component>
      <object_component id="oc-10c">
         <name>.debug_abbrev</name>
         <load_address>0xee7</load_address>
         <run_address>0xee7</run_address>
         <size>0x27</size>
         <input_file_ref idref="fl-142"/>
      </object_component>
      <object_component id="oc-10e">
         <name>.debug_abbrev</name>
         <load_address>0xf0e</load_address>
         <run_address>0xf0e</run_address>
         <size>0x27</size>
         <input_file_ref idref="fl-142"/>
      </object_component>
      <object_component id="oc-110">
         <name>.debug_abbrev</name>
         <load_address>0xf35</load_address>
         <run_address>0xf35</run_address>
         <size>0x27</size>
         <input_file_ref idref="fl-142"/>
      </object_component>
      <object_component id="oc-112">
         <name>.debug_abbrev</name>
         <load_address>0xf5c</load_address>
         <run_address>0xf5c</run_address>
         <size>0xa9</size>
         <input_file_ref idref="fl-142"/>
      </object_component>
      <object_component id="oc-115">
         <name>.debug_abbrev</name>
         <load_address>0x1005</load_address>
         <run_address>0x1005</run_address>
         <size>0x49</size>
         <input_file_ref idref="fl-142"/>
      </object_component>
      <object_component id="oc-119">
         <name>.debug_abbrev</name>
         <load_address>0x104e</load_address>
         <run_address>0x104e</run_address>
[...]
            <object_component_ref idref="oc-73"/>
            <object_component_ref idref="oc-7a"/>
            <object_component_ref idref="oc-80"/>
            <object_component_ref idref="oc-86"/>
            <object_component_ref idref="oc-8d"/>
            <object_component_ref idref="oc-94"/>
            <object_component_ref idref="oc-bd"/>
            <object_component_ref idref="oc-d3"/>
            <object_component_ref idref="oc-d8"/>
            <object_component_ref idref="oc-f9"/>
            <object_component_ref idref="oc-fe"/>
            <object_component_ref idref="oc-117"/>
            <object_component_ref idref="oc-12b"/>
            <object_component_ref idref="oc-130"/>
            <object_component_ref idref="oc-145"/>
         </contents>
      </logical_group>
      <logical_group id="lg-182">
         <name>.debug_pubtypes</name>
         <load_address>0x0</load_address>
         <run_address>0x0</run_address>
         <size>0xc14</size>
         <contents>
            <object_component_ref idref="oc-41"/>
            <object_component_ref idref="oc-47"/>
            <object_component_ref idref="oc-52"/>
            <object_component_ref idref="oc-5a"/>
            <object_component_ref idref="oc-6a"/>
            <object_component_ref idref="oc-74"/>
            <object_component_ref idref="oc-7b"/>
            <object_component_ref idref="oc-81"/>
            <object_component_ref idref="oc-87"/>
            <object_component_ref idref="oc-8e"/>
            <object_component_ref idref="oc-95"/>
            <object_component_ref idref="oc-be"/>
            <object_component_ref idref="oc-d4"/>
            <object_component_ref idref="oc-d9"/>
            <object_component_ref idref="oc-fa"/>
            <object_component_ref idref="oc-ff"/>
            <object_component_ref idref="oc-118"/>
            <object_component_ref idref="oc-12c"/>
            <object_component_ref idref="oc-131"/>
            <object_component_ref idref="oc-146"/>
         </contents>
      </logical_group>
      <load_segment id="lg-18f">
         <name>SEGMENT_0</name>
         <load_address>0x0</load_address>
         <run_address>0x0</run_address>
         <size>0x3868</size>
         <flags>0x5</flags>
         <contents>
            <logical_group_ref idref="lg-3"/>
            <logical_group_ref idref="lg-4"/>
            <logical_group_ref idref="lg-5"/>
            <logical_group_ref idref="lg-6"/>
         </contents>
      </load_segment>
      <load_segment id="lg-190">
         <name>SEGMENT_1</name>
         <run_address>0x20000000</run_address>
         <size>0xeec</size>
         <flags>0x6</flags>
         <contents>
            <logical_group_ref idref="lg-d"/>
            <logical_group_ref idref="lg-b"/>
         </contents>
      </load_segment>
      <load_segment id="lg-191">
         <name>SEGMENT_2</name>
         <load_address>0x20000eec</load_address>
         <run_address>0x20000eec</run_address>
         <size>0x2e</size>
         <flags>0x6</flags>
         <contents>
            <logical_group_ref idref="lg-a"/>
         </contents>
      </load_segment>
   </logical_group_list>
   <placement_map>
      <memory_area>
         <name>FLASH</name>
         <page_id>0x0</page_id>
         <origin>0x0</origin>
         <length>0x100000</length>
         <used_space>0x3862</used_space>
         <unused_space>0xfc79e</unused_space>
         <attributes>RX</attributes>
         <usage_details>
            <allocated_space>
               <start_address>0x0</start_address>
               <size>0x200</size>
               <logical_group_ref idref="lg-3"/>
            </allocated_space>
            <allocated_space>
               <start_address>0x200</start_address>
               <size>0x342e</size>
               <logical_group_ref idref="lg-4"/>
            </allocated_space>
            <available_space>
               <start_address>0x362e</start_address>
               <size>0x2</size>
            </available_space>
            <allocated_space>
               <start_address>0x3630</start_address>
               <size>0x1e4</size>
               <logical_group_ref idref="lg-5"/>
            </allocated_space>
            <available_space>
               <start_address>0x3814</start_address>
               <size>0x4</size>
            </available_space>
            <allocated_space>
               <start_address>0x3818</start_address>
               <size>0x50</size>
               <logical_group_ref idref="lg-6"/>
            </allocated_space>
            <available_space>
               <start_address>0x3868</start_address>
               <size>0xfc798</size>
            </available_space>
         </usage_details>
      </memory_area>
      <memory_area>
         <name>SRAM</name>
         <page_id>0x0</page_id>
         <origin>0x20000000</origin>
         <length>0x40000</length>
         <used_space>0xf1a</used_space>
         <unused_space>0x3f0e6</unused_space>
         <attributes>RWX</attributes>
         <usage_details>
            <allocated_space>
               <start_address>0x20000000</start_address>
               <size>0x800</size>
               <logical_group_ref idref="lg-d"/>
            </allocated_space>
            <allocated_space>
               <start_address>0x20000800</start_address>
               <size>0x6ec</size>
               <logical_group_ref idref="lg-b"/>
            </allocated_space>
            <allocated_space>
               <start_address>0x20000eec</start_address>
               <size>0x2e</size>
               <logical_group_ref idref="lg-a"/>
            </allocated_space>
            <available_space>
               <start_address>0x20000f1a</start_address>
               <size>0x3f0e6</size>
            </available_space>
         </usage_details>
      </memory_area>
   </placement_map>
   <cptbl_list>
      <cptbl>
         <name>__TI_cinit_table</name>
         <cprec>
            <name>.data</name>
            <load_address>0x3818</load_address>
            <load_size>0x27</load_size>
            <run_address>0x20000eec</run_address>
            <run_size>0x2e</run_size>
            <compression>rle</compression>
         </cprec>
         <cprec>
            <name>.bss</name>
            <load_address>0x3850</load_address>
            <load_size>0x8</load_size>
            <run_address>0x20000800</run_address>
            <run_size>0x6ec</run_size>
            <compression>zero_init</compression>
         </cprec>
      </cptbl>
   </cptbl_list>
   <handler_table>
      <handler_table_name>__TI_handler_table</handler_table_name>
      <handler>
         <index>0x0</index>
         <name>__TI_decompress_rle24</name>
      </handler>
      <handler>
         <index>0x1</index>
         <name>__TI_decompress_none</name>
      </handler>
      <handler>
         <index>0x2</index>
         <name>__TI_zero_init</name>
      </handler>
   </handler_table>
   <symbol_table>
      <symbol id="sm-1">
         <name>__STACK_TOP</name>
         <value>0x20000100</value>
      </symbol>
      <symbol id="sm-2">
         <name>__TI_CINIT_Base</name>
         <value>0x3858</value>
      </symbol>
      <symbol id="sm-3">
         <name>__TI_CINIT_Limit</name>
         <value>0x3868</value>
      </symbol>
      <symbol id="sm-4">
         <name>__TI_Handler_Table_Base</name>
         <value>0x3840</value>
      </symbol>
      <symbol id="sm-5">
         <name>__TI_Handler_Table_Limit</name>
         <value>0x384c</value>
      </symbol>
      <symbol id="sm-6">
         <name>binit</name>
         <value>0xffffffff</value>
      </symbol>
      <symbol id="sm-7">
         <name>__binit__</name>
         <value>0xffffffff</value>
      </symbol>
      <symbol id="sm-8">
         <name>__STACK_SIZE</name>
         <value>0x800</value>
      </symbol>
      <symbol id="sm-9">
         <name>__STACK_END</name>
         <value>0x20000800</value>
      </symbol>
      <symbol id="sm-a">
         <name>__c_args__</name>
         <value>0xffffffff</value>
      </symbol>
      <symbol id="sm-2a0">
         <name>f_read</name>
         <value>0x1981</value>
         <object_component_ref idref="oc-e1"/>
      </symbol>
      <symbol id="sm-2a1">
         <name>f_sync</name>
         <value>0x1da7</value>
         <object_component_ref idref="oc-e1"/>
      </symbol>
      <symbol id="sm-2a2">
         <name>clust2sect</name>
         <value>0x4c1</value>
         <object_component_ref idref="oc-e1"/>
      </symbol>
      <symbol id="sm-2a3">
         <name>put_fat</name>
         <value>0x62d</value>
         <object_component_ref idref="oc-e1"/>
      </symbol>
      <symbol id="sm-2a4">
         <name>f_write</name>
         <value>0x1b4b</value>
         <object_component_ref idref="oc-e1"/>
      </symbol>
      <symbol id="sm-2a5">
         <name>f_close</name>
         <value>0x1e79</value>
         <object_component_ref idref="oc-e1"/>
      </symbol>
      <symbol id="sm-2a6">
         <name>f_open</name>
         <value>0x1765</value>
         <object_component_ref idref="oc-e1"/>
      </symbol>
      <symbol id="sm-2a7">
         <name>f_mount</name>
         <value>0x16e1</value>
         <object_component_ref idref="oc-e1"/>
      </symbol>
      <symbol id="sm-2a8">
         <name>get_fat</name>
         <value>0x4f1</value>
         <object_component_ref idref="oc-e1"/>
      </symbol>
      <symbol id="sm-382">
         <name>disk_status</name>
         <value>0x2409</value>
         <object_component_ref idref="oc-11f"/>
      </symbol>
      <symbol id="sm-383">
         <name>disk_read</name>
         <value>0x2423</value>
         <object_component_ref idref="oc-11f"/>
      </symbol>
      <symbol id="sm-384">
         <name>disk_initialize</name>
         <value>0x22f1</value>
         <object_component_ref idref="oc-11f"/>
      </symbol>
      <symbol id="sm-385">
         <name>disk_ioctl</name>
         <value>0x2595</value>
         <object_component_ref idref="oc-11f"/>
      </symbol>
      <symbol id="sm-386">
         <name>disk_write</name>
         <value>0x24c1</value>
         <object_component_ref idref="oc-11f"/>
      </symbol>
      <symbol id="sm-3a6">
         <name>ResetISR</name>
         <value>0x361d</value>
         <object_component_ref idref="oc-21"/>
      </symbol>
      <symbol id="sm-3a7">
         <name>g_pfnVectors</name>
         <value>0x0</value>
         <object_component_ref idref="oc-e"/>
      </symbol>
      <symbol id="sm-3c0">
         <name>main</name>
         <value>0x31d9</value>
         <object_component_ref idref="oc-60"/>
      </symbol>
      <symbol id="sm-3c1">
         <name>g_ui32SysClock</name>
         <value>0x20000ee8</value>
         <object_component_ref idref="oc-a7"/>
      </symbol>
      <symbol id="sm-406">
         <name>g_TerminalBufferLength</name>
         <value>0x20000ee4</value>
         <object_component_ref idref="oc-db"/>
      </symbol>
      <symbol id="sm-407">
         <name>Terminal_Init</name>
         <value>0x3127</value>
         <object_component_ref idref="oc-9d"/>
      </symbol>
      <symbol id="sm-408">
         <name>Terminal_Recv</name>
         <value>0x30e7</value>
         <object_component_ref idref="oc-9d"/>
      </symbol>
      <symbol id="sm-409">
         <name>g_TerminalBuffer</name>
         <value>0x20000e80</value>
         <object_component_ref idref="oc-dd"/>
      </symbol>
      <symbol id="sm-40a">
         <name>Terminal_Writeln</name>
         <value>0x308f</value>
         <object_component_ref idref="oc-9d"/>
      </symbol>
      <symbol id="sm-40b">
         <name>Terminal_Test</name>
         <value>0x318f</value>
         <object_component_ref idref="oc-9d"/>
      </symbol>
      <symbol id="sm-40c">
         <name>Terminal_Write</name>
         <value>0x3031</value>
         <object_component_ref idref="oc-9d"/>
      </symbol>
      <symbol id="sm-4a0">
         <name>Camera_reset</name>
         <value>0x29db</value>
         <object_component_ref idref="oc-e6"/>
      </symbol>
      <symbol id="sm-4a1">
         <name>Camera_GetFrameLength</name>
         <value>0x2a39</value>
         <object_component_ref idref="oc-e6"/>
      </symbol>
      <symbol id="sm-4a2">
         <name>Camera_ReadPicture</name>
         <value>0x2ae1</value>
         <object_component_ref idref="oc-e6"/>
      </symbol>
      <symbol id="sm-4a3">
         <name>Camera_Init</name>
         <value>0x2b79</value>
         <object_component_ref idref="oc-e6"/>
      </symbol>
      <symbol id="sm-4a4">
         <name>Camera_Resume</name>
         <value>0x2b6b</value>
         <object_component_ref idref="oc-e6"/>
      </symbol>
      <symbol id="sm-4a5">
         <name>Camera_set_image_size</name>
         <value>0x29f9</value>
         <object_component_ref idref="oc-e6"/>
      </symbol>
      <symbol id="sm-4a6">
         <name>Camera_verify_response</name>
         <value>0x28ad</value>
         <object_component_ref idref="oc-e6"/>
      </symbol>
      <symbol id="sm-4a7">
         <name>Camera_frame_buff_ctrl</name>
         <value>0x2a8f</value>
         <object_component_ref idref="oc-e6"/>
      </symbol>
      <symbol id="sm-4a8">
         <name>Camera_TakePicture</name>
         <value>0x2abd</value>
         <object_component_ref idref="oc-e6"/>
      </symbol>
      <symbol id="sm-51e">
         <name>Camctrl_Init</name>
         <value>0x2f99</value>
         <object_component_ref idref="oc-a2"/>
      </symbol>
      <symbol id="sm-51f">
         <name>Camctrl_sdc_flush</name>
         <value>0x2e49</value>
         <object_component_ref idref="oc-a2"/>
      </symbol>
      <symbol id="sm-520">
         <name>Camctrl_store_img</name>
         <value>0x2e87</value>
         <object_component_ref idref="oc-a2"/>
      </symbol>
      <symbol id="sm-521">
         <name>Camctrl_StartVideo</name>
         <value>0x2ed7</value>
         <object_component_ref idref="oc-a2"/>
      </symbol>
      <symbol id="sm-530">
         <name>_c_int00</name>
         <value>0x34e9</value>
         <object_component_ref idref="oc-10"/>
      </symbol>
      <symbol id="sm-531">
         <name>__stack</name>
         <value>0x20000000</value>
         <object_component_ref idref="oc-20"/>
      </symbol>
      <symbol id="sm-54b">
         <name>__TI_decompress_none</name>
         <value>0x360f</value>
         <object_component_ref idref="oc-14"/>
      </symbol>
      <symbol id="sm-575">
         <name>__TI_decompress_rle24</name>
         <value>0x3629</value>
         <object_component_ref idref="oc-1c"/>
      </symbol>
      <symbol id="sm-587">
         <name>__TI_zero_init</name>
         <value>0x35fd</value>
         <object_component_ref idref="oc-18"/>
      </symbol>
      <symbol id="sm-5a2">
         <name>C$$EXIT</name>
         <value>0x3575</value>
         <object_component_ref idref="oc-31"/>
      </symbol>
      <symbol id="sm-5a3">
         <name>_dtors_ptr</name>
         <value>0x20000f10</value>
         <object_component_ref idref="oc-6d"/>
      </symbol>
      <symbol id="sm-5a4">
         <name>abort</name>
         <value>0x3579</value>
         <object_component_ref idref="oc-31"/>
      </symbol>
      <symbol id="sm-5a5">
         <name>_cleanup_ptr</name>
         <value>0x20000f0c</value>
         <object_component_ref idref="oc-6d"/>
      </symbol>
      <symbol id="sm-5a6">
         <name>exit</name>
         <value>0x3581</value>
         <object_component_ref idref="oc-31"/>
      </symbol>
      <symbol id="sm-5bb">
         <name>memcpy</name>
         <value>0x3295</value>
         <object_component_ref idref="oc-38"/>
      </symbol>
      <symbol id="sm-5bc">
         <name>__aeabi_memcpy</name>
         <value>0x3295</value>
         <object_component_ref idref="oc-38"/>
      </symbol>
      <symbol id="sm-5bd">
         <name>__aeabi_memcpy8</name>
         <value>0x3295</value>
         <object_component_ref idref="oc-38"/>
      </symbol>
      <symbol id="sm-5be">
         <name>__aeabi_memcpy4</name>
         <value>0x3295</value>
         <object_component_ref idref="oc-38"/>
      </symbol>
      <symbol id="sm-5cc">
         <name>__aeabi_memset</name>
         <value>0x33c7</value>
         <object_component_ref idref="oc-132"/>
      </symbol>
      <symbol id="sm-5cd">
         <name>memset</name>
         <value>0x33cd</value>
         <object_component_ref idref="oc-132"/>
      </symbol>
      <symbol id="sm-5ce">
         <name>__aeabi_memset8</name>
         <value>0x33c7</value>
         <object_component_ref idref="oc-132"/>
      </symbol>
      <symbol id="sm-5cf">
         <name>__aeabi_memset4</name>
         <value>0x33c7</value>
         <object_component_ref idref="oc-132"/>
      </symbol>
      <symbol id="sm-5d0">
         <name>__aeabi_memclr8</name>
         <value>0x33c5</value>
         <object_component_ref idref="oc-132"/>
      </symbol>
      <symbol id="sm-5d1">
         <name>__aeabi_memclr4</name>
         <value>0x33c5</value>
         <object_component_ref idref="oc-132"/>
      </symbol>
      <symbol id="sm-5d2">
         <name>__aeabi_memclr</name>
         <value>0x33c5</value>
         <object_component_ref idref="oc-132"/>
      </symbol>
      <symbol id="sm-5de">
         <name>main_func_sp</name>
         <value>0x20000f14</value>
         <object_component_ref idref="oc-35"/>
      </symbol>
      <symbol id="sm-5f3">
         <name>_nop</name>
         <value>0x35f7</value>
         <object_component_ref idref="oc-aa"/>
      </symbol>
      <symbol id="sm-5f4">
         <name>_lock</name>
         <value>0x20000f04</value>
         <object_component_ref idref="oc-6b"/>
      </symbol>
      <symbol id="sm-5f5">
         <name>_unlock</name>
         <value>0x20000f08</value>
         <object_component_ref idref="oc-6b"/>
      </symbol>
      <symbol id="sm-5f6">
         <name>_register_lock</name>
         <value>0x35ef</value>
         <object_component_ref idref="oc-aa"/>
      </symbol>
      <symbol id="sm-5f7">
         <name>_register_unlock</name>
         <value>0x35e9</value>
         <object_component_ref idref="oc-aa"/>
      </symbol>
      <symbol id="sm-606">
         <name>_args_main</name>
         <value>0x35d1</value>
         <object_component_ref idref="oc-2d"/>
      </symbol>
      <symbol id="sm-620">
         <name>__TI_auto_init</name>
         <value>0x3331</value>
         <object_component_ref idref="oc-29"/>
      </symbol>
      <symbol id="sm-637">
         <name>copy_in</name>
         <value>0x3531</value>
         <object_component_ref idref="oc-5b"/>
      </symbol>
      <symbol id="sm-6a6">
         <name>SysCtlClockFreqSet</name>
         <value>0x2c4d</value>
         <object_component_ref idref="oc-98"/>
      </symbol>
      <symbol id="sm-6a9">
         <name>__TI_static_base__</name>
         <value>0x0</value>
      </symbol>
      <symbol id="sm-6aa">
         <name>__TI_args_main</name>
         <value>0x1</value>
      </symbol>
      <symbol id="sm-6ab">
         <name>SHT$$INIT_ARRAY$$Limit</name>
         <value>0x0</value>
      </symbol>
      <symbol id="sm-6ac">
         <name>SHT$$INIT_ARRAY$$Base</name>
         <value>0x0</value>
      </symbol>
   </symbol_table>
</link_info>
